source_sha=b3f3f702c9cc8437e36cd57f89a9ffd52ea369a0
cargo_target_dir=D:\my_projects\MyCodex\target\release-build
   Compiling proc-macro2 v1.0.107
   Compiling unicode-ident v1.0.26
   Compiling quote v1.0.47
   Compiling version_check v0.9.5
   Compiling typenum v1.20.1
   Compiling serde_core v1.0.229
   Compiling zmij v1.0.23
   Compiling serde v1.0.229
   Compiling ref-cast v1.0.27
   Compiling serde_json v1.0.151
   Compiling memchr v2.8.3
   Compiling itoa v1.0.18
   Compiling pulldown-cmark v0.13.0
   Compiling dyn-clone v1.0.20
   Compiling unicase v2.9.0
   Compiling cfg-if v1.0.5
   Compiling cpufeatures v0.2.17
   Compiling bitflags v2.13.2
   Compiling roxmltree v0.20.0
   Compiling generic-array v0.14.7
   Compiling syn v3.0.6
   Compiling crypto-common v0.1.7
   Compiling block-buffer v0.10.4
   Compiling digest v0.10.7
   Compiling sha2 v0.10.9
   Compiling serde_derive_internals v0.30.0
   Compiling serde_derive v1.0.229
   Compiling ref-cast-impl v1.0.27
   Compiling schemars_derive v1.2.2
   Compiling schemars v1.2.2
   Compiling highgrade v0.2.14 (D:\my_projects\MyCodex\target\work\release-9a0_dubk\source)
    Finished `release` profile [optimized] target(s) in 16.70s
