{
  "ambiguous_result_keys": [],
  "findings": [
    {
      "code": "OperationFailed",
      "location": "arguments-or-input",
      "message": "RootInvalid: No such file or directory (os error 2)",
      "status": "failed"
    }
  ],
  "limitations": [],
  "measurements": [
    {
      "input_schema": "highgrade spec-schema --root PATH",
      "next": "highgrade <command> --help"
    }
  ],
  "operation": "error",
  "result": {
    "input_schema": "highgrade spec-schema --root PATH",
    "next": "highgrade <command> --help"
  },
  "status": "failed"
}
