$ python scripts/verify.py scenarios
{
  "status": "passed",
  "requirements": 146,
  "scenarios": 249,
  "automatic": 118,
  "manual_check_scenarios": 55,
  "no_declared_check_scenarios": 76,
  "no_declared_check_ids": [
    "HG-0004-S3",
    "HG-0006-S1",
    "HG-0006-S2",
    "HG-0006-S3",
    "HG-0006-S4",
    "HG-0006-S5",
    "HG-0006-S6",
    "HG-0006-S7",
    "HG-0008-S1",
    "HG-0008-S2",
    "HG-0026-S1",
    "HG-0026-S2",
    "HG-0026-S3",
    "HG-0026-S4",
    "HG-0028-S3",
    "HG-0031-S1",
    "HG-0032-S1",
    "HG-0042-S1",
    "HG-0043-S1",
    "HG-0043-S2",
    "HG-0043-S3",
    "HG-0044-S1",
    "HG-0044-S2",
    "HG-0044-S3",
    "HG-0047-S1",
    "HG-0047-S2",
    "HG-0048-S2",
    "HG-0048-S3",
    "HG-0051-S1",
    "HG-0051-S2",
    "HG-0051-S3",
    "HG-0051-S4",
    "HG-0051-S5",
    "HG-0054-S1",
    "HG-0054-S2",
    "HG-0054-S3",
    "HG-0054-S4",
    "HG-0054-S5",
    "HG-0054-S6",
    "HG-0054-S7",
    "HG-0054-S8",
    "HG-0055-S1",
    "HG-0055-S2",
    "HG-0055-S3",
    "HG-0055-S4",
    "HG-0055-S5",
    "HG-0055-S6",
    "HG-0055-S7",
    "HG-0056-S1",
    "HG-0056-S10",
    "HG-0056-S2",
    "HG-0056-S3",
    "HG-0056-S4",
    "HG-0056-S5",
    "HG-0056-S6",
    "HG-0056-S7",
    "HG-0056-S8",
    "HG-0056-S9",
    "HG-0057-S1",
    "HG-0057-S2",
    "HG-0057-S3",
    "HG-0057-S4",
    "HG-0057-S5",
    "HG-0057-S6",
    "HG-0057-S7",
    "HG-0058-S1",
    "HG-0058-S2",
    "HG-0058-S3",
    "HG-0058-S4",
    "HG-0059-S3",
    "HG-0059-S4",
    "HG-0060-S1",
    "HG-0060-S2",
    "HG-0061-S1",
    "HG-0061-S2",
    "HG-0061-S4"
  ]
}
{
  "status": "passed",
  "requirements": 146,
  "scenarios": 249,
  "automatic": 118,
  "manual_check_scenarios": 55,
  "no_declared_check_scenarios": 76,
  "no_declared_check_ids": [
    "HG-0004-S3",
    "HG-0006-S1",
    "HG-0006-S2",
    "HG-0006-S3",
    "HG-0006-S4",
    "HG-0006-S5",
    "HG-0006-S6",
    "HG-0006-S7",
    "HG-0008-S1",
    "HG-0008-S2",
    "HG-0026-S1",
    "HG-0026-S2",
    "HG-0026-S3",
    "HG-0026-S4",
    "HG-0028-S3",
    "HG-0031-S1",
    "HG-0032-S1",
    "HG-0042-S1",
    "HG-0043-S1",
    "HG-0043-S2",
    "HG-0043-S3",
    "HG-0044-S1",
    "HG-0044-S2",
    "HG-0044-S3",
    "HG-0047-S1",
    "HG-0047-S2",
    "HG-0048-S2",
    "HG-0048-S3",
    "HG-0051-S1",
    "HG-0051-S2",
    "HG-0051-S3",
    "HG-0051-S4",
    "HG-0051-S5",
    "HG-0054-S1",
    "HG-0054-S2",
    "HG-0054-S3",
    "HG-0054-S4",
    "HG-0054-S5",
    "HG-0054-S6",
    "HG-0054-S7",
    "HG-0054-S8",
    "HG-0055-S1",
    "HG-0055-S2",
    "HG-0055-S3",
    "HG-0055-S4",
    "HG-0055-S5",
    "HG-0055-S6",
    "HG-0055-S7",
    "HG-0056-S1",
    "HG-0056-S10",
    "HG-0056-S2",
    "HG-0056-S3",
    "HG-0056-S4",
    "HG-0056-S5",
    "HG-0056-S6",
    "HG-0056-S7",
    "HG-0056-S8",
    "HG-0056-S9",
    "HG-0057-S1",
    "HG-0057-S2",
    "HG-0057-S3",
    "HG-0057-S4",
    "HG-0057-S5",
    "HG-0057-S6",
    "HG-0057-S7",
    "HG-0058-S1",
    "HG-0058-S2",
    "HG-0058-S3",
    "HG-0058-S4",
    "HG-0059-S3",
    "HG-0059-S4",
    "HG-0060-S1",
    "HG-0060-S2",
    "HG-0061-S1",
    "HG-0061-S2",
    "HG-0061-S4"
  ],
  "record": "target/nextest/highgrade/run.json",
  "pinned_files": 370,
  "native_tests_passed": 196,
  "native_report_reused": false,
  "native_report_reason": "fresh_report"
}
{
  "status": "passed",
  "requirements": 146,
  "scenarios": 249,
  "automatic": 118,
  "manual_check_scenarios": 55,
  "no_declared_check_scenarios": 76,
  "no_declared_check_ids": [
    "HG-0004-S3",
    "HG-0006-S1",
    "HG-0006-S2",
    "HG-0006-S3",
    "HG-0006-S4",
    "HG-0006-S5",
    "HG-0006-S6",
    "HG-0006-S7",
    "HG-0008-S1",
    "HG-0008-S2",
    "HG-0026-S1",
    "HG-0026-S2",
    "HG-0026-S3",
    "HG-0026-S4",
    "HG-0028-S3",
    "HG-0031-S1",
    "HG-0032-S1",
    "HG-0042-S1",
    "HG-0043-S1",
    "HG-0043-S2",
    "HG-0043-S3",
    "HG-0044-S1",
    "HG-0044-S2",
    "HG-0044-S3",
    "HG-0047-S1",
    "HG-0047-S2",
    "HG-0048-S2",
    "HG-0048-S3",
    "HG-0051-S1",
    "HG-0051-S2",
    "HG-0051-S3",
    "HG-0051-S4",
    "HG-0051-S5",
    "HG-0054-S1",
    "HG-0054-S2",
    "HG-0054-S3",
    "HG-0054-S4",
    "HG-0054-S5",
    "HG-0054-S6",
    "HG-0054-S7",
    "HG-0054-S8",
    "HG-0055-S1",
    "HG-0055-S2",
    "HG-0055-S3",
    "HG-0055-S4",
    "HG-0055-S5",
    "HG-0055-S6",
    "HG-0055-S7",
    "HG-0056-S1",
    "HG-0056-S10",
    "HG-0056-S2",
    "HG-0056-S3",
    "HG-0056-S4",
    "HG-0056-S5",
    "HG-0056-S6",
    "HG-0056-S7",
    "HG-0056-S8",
    "HG-0056-S9",
    "HG-0057-S1",
    "HG-0057-S2",
    "HG-0057-S3",
    "HG-0057-S4",
    "HG-0057-S5",
    "HG-0057-S6",
    "HG-0057-S7",
    "HG-0058-S1",
    "HG-0058-S2",
    "HG-0058-S3",
    "HG-0058-S4",
    "HG-0059-S3",
    "HG-0059-S4",
    "HG-0060-S1",
    "HG-0060-S2",
    "HG-0061-S1",
    "HG-0061-S2",
    "HG-0061-S4"
  ],
  "automatic_passed": 118,
  "automatic_scenarios": 118,
  "linked_test_cases": 119,
  "outside_automatic_trace": 131,
  "scenarios_total": 249,
  "test_cases_executed": 196,
  "test_cases_missing": 0,
  "test_cases_reported": 196,
  "test_cases_skipped": 0,
  "test_cases_unknown": 0,
  "unlinked_test_cases": 77
}
$ node scripts/check-scenario-scale.mjs
{
  "status": "passed",
  "results": [
    {
      "specs": 100,
      "selected_bytes": 969,
      "full_bytes": 73239,
      "duplicate_rejected": true,
      "standalone_marker_recognized": true,
      "unknown_marker_rejected": true,
      "wrong_selector_rejected": true,
      "extra_marker_rejected": true,
      "missing_marker_rejected": true
    },
    {
      "specs": 200,
      "selected_bytes": 969,
      "full_bytes": 146239,
      "duplicate_rejected": true,
      "standalone_marker_recognized": true,
      "unknown_marker_rejected": true,
      "wrong_selector_rejected": true,
      "extra_marker_rejected": true,
      "missing_marker_rejected": true
    }
  ]
}
$ node scripts/check-scenario-reuse.mjs
{"status":"passed","equivalent_reused":true,"changed_scenario_rejected":true,"changed_rust_rejected":true,"changed_rust_hash_rejected":true,"changed_toolchain_rejected":true}
