$ cargo fmt --all -- --check
$ python scripts/render-skills.py --check
Skills and manifest are current
$ node scripts/check-repository.mjs
{
  "scope": "repository-structure",
  "status": "PASSED",
  "observations": [
    {
      "path": "README.md",
      "bytes": 7277,
      "lines": 96,
      "budget": "not-assessed"
    },
    {
      "path": "AGENTS.md",
      "bytes": 3497,
      "lines": 25,
      "budget": "not-assessed"
    },
    {
      "path": "docs/ARCHITECTURE.md",
      "bytes": 6945,
      "lines": 48,
      "budget": "not-assessed"
    },
    {
      "path": "docs/ENGINEERING.md",
      "bytes": 4521,
      "lines": 22,
      "budget": "not-assessed"
    },
    {
      "path": "docs/DEVELOPMENT.md",
      "bytes": 8978,
      "lines": 104,
      "budget": "not-assessed"
    }
  ],
  "import_files_verified": 0,
  "errors": [],
  "limitations": [
    "No functional plugin tests executed",
    "No semantic documentation review",
    "Document budgets are not assessed here; run highgrade inspect"
  ]
}
