{
  "ambiguous_result_keys": [],
  "findings": [],
  "limitations": [
    "Names and types only; no semantic audit or source content read."
  ],
  "measurements": [
    {
      "structure": {
        "complete": true,
        "entries": {},
        "exclusions_sha256": null,
        "omitted": {}
      }
    }
  ],
  "operation": "inventory",
  "result": {
    "structure": {
      "complete": true,
      "entries": {},
      "exclusions_sha256": null,
      "omitted": {}
    }
  },
  "status": "passed"
}
