{
  "ambiguous_result_keys": [],
  "findings": [],
  "limitations": [
    "Recorded statements are data, not proof of semantic correctness, user acceptance or permission. No project commands are executed."
  ],
  "measurements": [
    {
      "content": {
        "goal": "Определить цель подключения",
        "scope": [
          "."
        ],
        "areas": [],
        "decisions": [
          {
            "id": "purpose",
            "description": "Не определено: purpose",
            "basis": [],
            "blocks": [
              "adaptation"
            ],
            "sources": [],
            "state": "unknown"
          },
          {
            "id": "scope",
            "description": "Не определено: scope",
            "basis": [],
            "blocks": [
              "adaptation"
            ],
            "sources": [],
            "state": "unknown"
          },
          {
            "id": "preservation",
            "description": "Не определено: preservation",
            "basis": [],
            "blocks": [
              "adaptation"
            ],
            "sources": [],
            "state": "unknown"
          },
          {
            "id": "changes",
            "description": "Не определено: changes",
            "basis": [],
            "blocks": [
              "adaptation"
            ],
            "sources": [],
            "state": "unknown"
          },
          {
            "id": "local_rules",
            "description": "Не определено: local_rules",
            "basis": [],
            "blocks": [
              "adaptation"
            ],
            "sources": [],
            "state": "unknown"
          },
          {
            "id": "environment",
            "description": "Не определено: environment",
            "basis": [],
            "blocks": [
              "adaptation"
            ],
            "sources": [],
            "state": "unknown"
          },
          {
            "id": "mandate",
            "description": "Не определено: mandate",
            "basis": [],
            "blocks": [
              "adaptation"
            ],
            "sources": [],
            "state": "unknown"
          }
        ],
        "next": "Уточнить неизвестные ключевые решения",
        "sections": {
          "adaptation": [],
          "components": [],
          "findings": [],
          "knowledge": [],
          "observations": [],
          "processes": [],
          "routes": [],
          "skills": []
        },
        "source_paths": [],
        "stage": "survey"
      },
      "revision": 1,
      "survey_sha256": "15ef663d030dfb0bc919a61e0640ea312859a6a51ab758c0690c03256c84618c"
    }
  ],
  "operation": "survey-review",
  "result": {
    "content": {
      "goal": "Определить цель подключения",
      "scope": [
        "."
      ],
      "areas": [],
      "decisions": [
        {
          "id": "purpose",
          "description": "Не определено: purpose",
          "basis": [],
          "blocks": [
            "adaptation"
          ],
          "sources": [],
          "state": "unknown"
        },
        {
          "id": "scope",
          "description": "Не определено: scope",
          "basis": [],
          "blocks": [
            "adaptation"
          ],
          "sources": [],
          "state": "unknown"
        },
        {
          "id": "preservation",
          "description": "Не определено: preservation",
          "basis": [],
          "blocks": [
            "adaptation"
          ],
          "sources": [],
          "state": "unknown"
        },
        {
          "id": "changes",
          "description": "Не определено: changes",
          "basis": [],
          "blocks": [
            "adaptation"
          ],
          "sources": [],
          "state": "unknown"
        },
        {
          "id": "local_rules",
          "description": "Не определено: local_rules",
          "basis": [],
          "blocks": [
            "adaptation"
          ],
          "sources": [],
          "state": "unknown"
        },
        {
          "id": "environment",
          "description": "Не определено: environment",
          "basis": [],
          "blocks": [
            "adaptation"
          ],
          "sources": [],
          "state": "unknown"
        },
        {
          "id": "mandate",
          "description": "Не определено: mandate",
          "basis": [],
          "blocks": [
            "adaptation"
          ],
          "sources": [],
          "state": "unknown"
        }
      ],
      "next": "Уточнить неизвестные ключевые решения",
      "sections": {
        "adaptation": [],
        "components": [],
        "findings": [],
        "knowledge": [],
        "observations": [],
        "processes": [],
        "routes": [],
        "skills": []
      },
      "source_paths": [],
      "stage": "survey"
    },
    "revision": 1,
    "survey_sha256": "15ef663d030dfb0bc919a61e0640ea312859a6a51ab758c0690c03256c84618c"
  },
  "status": "passed"
}
