{
  "ambiguous_result_keys": [],
  "findings": [],
  "limitations": [
    "Structure, recorded observations and fingerprints do not certify semantic correctness, report authenticity, user acceptance or publication. Review declared input coverage."
  ],
  "measurements": [
    {
      "catalog_path": "specs/catalog.json",
      "directory": "specs",
      "pointer_path": "specs-location.json",
      "store_sha256": "7d267d921a12dc06c9eb94157e2eae02a20730a0546db254b66b05468a7aceb2"
    }
  ],
  "operation": "spec-init",
  "result": {
    "catalog_path": "specs/catalog.json",
    "directory": "specs",
    "pointer_path": "specs-location.json",
    "store_sha256": "7d267d921a12dc06c9eb94157e2eae02a20730a0546db254b66b05468a7aceb2"
  },
  "status": "passed"
}
