{
  "ambiguous_result_keys": [],
  "findings": [],
  "limitations": [
    "Structure, recorded observations and fingerprints do not certify semantic correctness, report authenticity, user acceptance or publication. Review declared input coverage."
  ],
  "measurements": [
    {
      "schema_version": 3,
      "store_sha256": "f607c54496a749f970b327b7fec02b7ce78aded263c8d223950d8588a3064371"
    },
    {
      "local_sha256": "9fc7a93df93ea012db31b8f1e25de32e52705f6d7e6e32f23d8808d05f696dbd"
    },
    {
      "value": {
        "title": "Локальное добавление и просмотр прочитанных книг",
        "goal": "",
        "rationale": "",
        "scope": "",
        "questions": [],
        "operations": [
          {
            "action": "add",
            "requirement": {
              "id": "HG-0001-R1",
              "title": "",
              "statement": "",
              "scenarios": [
                {
                  "id": "HG-0001-S1",
                  "given": "",
                  "when": "",
                  "then": "",
                  "verification": ""
                }
              ]
            }
          }
        ],
        "tasks": [
          {
            "id": "HG-0001-T1",
            "description": "",
            "done": false
          }
        ]
      },
      "view": "editable"
    }
  ],
  "operation": "spec-read",
  "result": {
    "local_sha256": "9fc7a93df93ea012db31b8f1e25de32e52705f6d7e6e32f23d8808d05f696dbd",
    "schema_version": 3,
    "store_sha256": "f607c54496a749f970b327b7fec02b7ce78aded263c8d223950d8588a3064371",
    "value": {
      "title": "Локальное добавление и просмотр прочитанных книг",
      "goal": "",
      "rationale": "",
      "scope": "",
      "questions": [],
      "operations": [
        {
          "action": "add",
          "requirement": {
            "id": "HG-0001-R1",
            "title": "",
            "statement": "",
            "scenarios": [
              {
                "id": "HG-0001-S1",
                "given": "",
                "when": "",
                "then": "",
                "verification": ""
              }
            ]
          }
        }
      ],
      "tasks": [
        {
          "id": "HG-0001-T1",
          "description": "",
          "done": false
        }
      ]
    },
    "view": "editable"
  },
  "status": "passed"
}
