{
  "ambiguous_result_keys": [],
  "findings": [],
  "limitations": [
    "Structure, recorded observations and fingerprints do not certify semantic correctness, report authenticity, user acceptance or publication. Review declared input coverage."
  ],
  "measurements": [
    {
      "schema_version": 3,
      "store_sha256": "c67bd395ab67d0d4e248a7aceb51058e687239aa5b705457c6eef8297e6ea256"
    },
    {
      "change": {
        "id": "HG-0001",
        "title": "Локальное добавление и просмотр прочитанных книг",
        "tags": [
          "library"
        ],
        "goal": "Один пользователь добавляет название и автора прочитанной книги и видит локальный список.",
        "rationale": "Synthetic fixture owner задал первый полезный результат; текущий init только подготавливает требования.",
        "scope": "Первая версия: добавление и просмотр, без сети, аккаунтов и внешних интеграций. Реализация и выбор стека не входят в init; будущие области кода и тестов ещё не назначены.",
        "questions": [
          "Какой локальный интерфейс нужен и как запускать его на выбранной среде?",
          "Должны ли данные сохраняться между запусками и где храниться?",
          "Какие стек, путь реализации и штатный runner выбрать перед Work?"
        ],
        "operations": [
          {
            "action": "add",
            "requirement": {
              "id": "HG-0001-R1",
              "title": "Добавление и просмотр книг",
              "statement": "Первый полезный результат SHALL позволять одному пользователю добавить название и автора прочитанной книги и увидеть их в локальном списке, без сети и аккаунтов.",
              "scenarios": [
                {
                  "id": "HG-0001-S1",
                  "given": "Локальный каталог открыт одним пользователем; список пуст. Конкретный интерфейс и хранение уточняются до реализации.",
                  "when": "Пользователь добавляет книгу с названием «Маяк» и автором «Н. Петров».",
                  "then": "В списке видны введённые название и автор; действие не требует сети или аккаунта.",
                  "verification": "До Work выбрать фактический интерфейс и штатный runner; будущая проверка выполняет добавление и наблюдает список и отсутствие сетевой зависимости. В init этот сценарий не исполнялся."
                }
              ]
            }
          }
        ],
        "tasks": [
          {
            "id": "HG-0001-T1",
            "description": "Уточнить локальный интерфейс, хранение и runner в этом же ID до реализации.",
            "done": false
          },
          {
            "id": "HG-0001-T2",
            "description": "После отдельного поручения реализовать добавление названия/автора и просмотр локального списка.",
            "done": false
          },
          {
            "id": "HG-0001-T3",
            "description": "Проверить добавление и просмотр выбранным штатным способом без сетевой зависимости.",
            "done": false
          }
        ],
        "imports": {},
        "baseline": {},
        "scoped_baseline": true,
        "revision_tags": [],
        "created_at": 1790857401,
        "archived": false,
        "abandoned_reason": null,
        "evidence": {},
        "review": null,
        "acceptance": []
      },
      "change_sha256": "8471d126a5255a1ce1cfe99e6dcd1800e6b71d63b4b4361a75b72d5ec42af8a3",
      "inputs_sha256": "44136fa355b3678a1146ad16f7e8649e94fb4fc21fe77e8310c060f61caaff8a",
      "links": {
        "depends_on": [],
        "related_to": [],
        "same_requirements": []
      }
    }
  ],
  "operation": "spec-edit",
  "result": {
    "change": {
      "id": "HG-0001",
      "title": "Локальное добавление и просмотр прочитанных книг",
      "tags": [
        "library"
      ],
      "goal": "Один пользователь добавляет название и автора прочитанной книги и видит локальный список.",
      "rationale": "Synthetic fixture owner задал первый полезный результат; текущий init только подготавливает требования.",
      "scope": "Первая версия: добавление и просмотр, без сети, аккаунтов и внешних интеграций. Реализация и выбор стека не входят в init; будущие области кода и тестов ещё не назначены.",
      "questions": [
        "Какой локальный интерфейс нужен и как запускать его на выбранной среде?",
        "Должны ли данные сохраняться между запусками и где храниться?",
        "Какие стек, путь реализации и штатный runner выбрать перед Work?"
      ],
      "operations": [
        {
          "action": "add",
          "requirement": {
            "id": "HG-0001-R1",
            "title": "Добавление и просмотр книг",
            "statement": "Первый полезный результат SHALL позволять одному пользователю добавить название и автора прочитанной книги и увидеть их в локальном списке, без сети и аккаунтов.",
            "scenarios": [
              {
                "id": "HG-0001-S1",
                "given": "Локальный каталог открыт одним пользователем; список пуст. Конкретный интерфейс и хранение уточняются до реализации.",
                "when": "Пользователь добавляет книгу с названием «Маяк» и автором «Н. Петров».",
                "then": "В списке видны введённые название и автор; действие не требует сети или аккаунта.",
                "verification": "До Work выбрать фактический интерфейс и штатный runner; будущая проверка выполняет добавление и наблюдает список и отсутствие сетевой зависимости. В init этот сценарий не исполнялся."
              }
            ]
          }
        }
      ],
      "tasks": [
        {
          "id": "HG-0001-T1",
          "description": "Уточнить локальный интерфейс, хранение и runner в этом же ID до реализации.",
          "done": false
        },
        {
          "id": "HG-0001-T2",
          "description": "После отдельного поручения реализовать добавление названия/автора и просмотр локального списка.",
          "done": false
        },
        {
          "id": "HG-0001-T3",
          "description": "Проверить добавление и просмотр выбранным штатным способом без сетевой зависимости.",
          "done": false
        }
      ],
      "imports": {},
      "baseline": {},
      "scoped_baseline": true,
      "revision_tags": [],
      "created_at": 1790857401,
      "archived": false,
      "abandoned_reason": null,
      "evidence": {},
      "review": null,
      "acceptance": []
    },
    "change_sha256": "8471d126a5255a1ce1cfe99e6dcd1800e6b71d63b4b4361a75b72d5ec42af8a3",
    "inputs_sha256": "44136fa355b3678a1146ad16f7e8649e94fb4fc21fe77e8310c060f61caaff8a",
    "links": {
      "depends_on": [],
      "related_to": [],
      "same_requirements": []
    },
    "schema_version": 3,
    "store_sha256": "c67bd395ab67d0d4e248a7aceb51058e687239aa5b705457c6eef8297e6ea256"
  },
  "status": "passed"
}
