{
  "ambiguous_result_keys": [],
  "findings": [],
  "limitations": [
    "Names and types only; no semantic audit or source content read."
  ],
  "measurements": [
    {
      "structure": {
        "complete": true,
        "entries": {
          ".agents": "directory",
          ".agents/skills": "directory",
          ".agents/skills/code-review": "directory",
          ".agents/skills/code-review/SKILL.md": "file",
          "AGENTS.md": "file",
          "GUIDE.md": "file",
          "README.md": "file",
          "code.py": "file",
          "test_code.py": "file"
        },
        "exclusions_sha256": null,
        "omitted": {}
      }
    }
  ],
  "operation": "inventory",
  "result": {
    "structure": {
      "complete": true,
      "entries": {
        ".agents": "directory",
        ".agents/skills": "directory",
        ".agents/skills/code-review": "directory",
        ".agents/skills/code-review/SKILL.md": "file",
        "AGENTS.md": "file",
        "GUIDE.md": "file",
        "README.md": "file",
        "code.py": "file",
        "test_code.py": "file"
      },
      "exclusions_sha256": null,
      "omitted": {}
    }
  },
  "status": "passed"
}
