{
  "ambiguous_result_keys": [],
  "findings": [
    {
      "code": "OperationFailed",
      "location": "arguments-or-input",
      "message": "UnsafePath: /tmp/highgrade-current-evidence/docs/evidence/current-requirements/2026-10-01/init/owner-docs/inputs/04-survey-content.json",
      "status": "failed"
    }
  ],
  "limitations": [],
  "measurements": [
    {
      "input_schema": "highgrade spec-schema --root PATH",
      "next": "highgrade <command> --help"
    }
  ],
  "operation": "error",
  "result": {
    "input_schema": "highgrade spec-schema --root PATH",
    "next": "highgrade <command> --help"
  },
  "status": "failed"
}
