{
  "ambiguous_result_keys": [],
  "findings": [
    {
      "code": "SurveyIncomplete",
      "location": ".highgrade/project/survey.json",
      "message": "See separate decisions, source freshness and review record.",
      "status": "unknown"
    }
  ],
  "limitations": [
    "Recorded statements are data, not proof of semantic correctness, user acceptance or permission. No project commands are executed."
  ],
  "measurements": [
    {
      "adaptation_ready": false,
      "blockers": [
        {
          "id": "purpose",
          "actions": [
            "adaptation"
          ],
          "reason": "decision_unresolved"
        },
        {
          "id": "scope",
          "actions": [
            "adaptation"
          ],
          "reason": "decision_unresolved"
        },
        {
          "id": "preservation",
          "actions": [
            "adaptation"
          ],
          "reason": "decision_unresolved"
        },
        {
          "id": "changes",
          "actions": [
            "adaptation"
          ],
          "reason": "decision_unresolved"
        },
        {
          "id": "local_rules",
          "actions": [
            "adaptation"
          ],
          "reason": "decision_unresolved"
        },
        {
          "id": "environment",
          "actions": [
            "adaptation"
          ],
          "reason": "decision_unresolved"
        },
        {
          "id": "mandate",
          "actions": [
            "adaptation"
          ],
          "reason": "decision_unresolved"
        },
        {
          "id": "adaptation",
          "actions": [
            "adaptation"
          ],
          "reason": "section_unexamined"
        },
        {
          "id": "components",
          "actions": [
            "adaptation"
          ],
          "reason": "section_unexamined"
        },
        {
          "id": "findings",
          "actions": [
            "adaptation"
          ],
          "reason": "section_unexamined"
        },
        {
          "id": "knowledge",
          "actions": [
            "adaptation"
          ],
          "reason": "section_unexamined"
        },
        {
          "id": "observations",
          "actions": [
            "adaptation"
          ],
          "reason": "section_unexamined"
        },
        {
          "id": "processes",
          "actions": [
            "adaptation"
          ],
          "reason": "section_unexamined"
        },
        {
          "id": "routes",
          "actions": [
            "adaptation"
          ],
          "reason": "section_unexamined"
        },
        {
          "id": "skills",
          "actions": [
            "adaptation"
          ],
          "reason": "section_unexamined"
        }
      ],
      "changed_sources": [],
      "completion_ready": false,
      "historically_completed": false,
      "other_dependencies": [],
      "permission": "not_assessed",
      "plan_ready": false,
      "review_go": true,
      "review_record_current": true,
      "semantic_correctness": "not_certified",
      "snapshot_current": true,
      "structure": "valid",
      "system_actions": [
        "plan",
        "adaptation",
        "completion"
      ],
      "unknown_sources": [],
      "user_acceptance": "not_recorded_by_this_tool"
    },
    {
      "survey_sha256": "15ef663d030dfb0bc919a61e0640ea312859a6a51ab758c0690c03256c84618c"
    }
  ],
  "operation": "survey-check",
  "result": {
    "adaptation_ready": false,
    "blockers": [
      {
        "id": "purpose",
        "actions": [
          "adaptation"
        ],
        "reason": "decision_unresolved"
      },
      {
        "id": "scope",
        "actions": [
          "adaptation"
        ],
        "reason": "decision_unresolved"
      },
      {
        "id": "preservation",
        "actions": [
          "adaptation"
        ],
        "reason": "decision_unresolved"
      },
      {
        "id": "changes",
        "actions": [
          "adaptation"
        ],
        "reason": "decision_unresolved"
      },
      {
        "id": "local_rules",
        "actions": [
          "adaptation"
        ],
        "reason": "decision_unresolved"
      },
      {
        "id": "environment",
        "actions": [
          "adaptation"
        ],
        "reason": "decision_unresolved"
      },
      {
        "id": "mandate",
        "actions": [
          "adaptation"
        ],
        "reason": "decision_unresolved"
      },
      {
        "id": "adaptation",
        "actions": [
          "adaptation"
        ],
        "reason": "section_unexamined"
      },
      {
        "id": "components",
        "actions": [
          "adaptation"
        ],
        "reason": "section_unexamined"
      },
      {
        "id": "findings",
        "actions": [
          "adaptation"
        ],
        "reason": "section_unexamined"
      },
      {
        "id": "knowledge",
        "actions": [
          "adaptation"
        ],
        "reason": "section_unexamined"
      },
      {
        "id": "observations",
        "actions": [
          "adaptation"
        ],
        "reason": "section_unexamined"
      },
      {
        "id": "processes",
        "actions": [
          "adaptation"
        ],
        "reason": "section_unexamined"
      },
      {
        "id": "routes",
        "actions": [
          "adaptation"
        ],
        "reason": "section_unexamined"
      },
      {
        "id": "skills",
        "actions": [
          "adaptation"
        ],
        "reason": "section_unexamined"
      }
    ],
    "changed_sources": [],
    "completion_ready": false,
    "historically_completed": false,
    "other_dependencies": [],
    "permission": "not_assessed",
    "plan_ready": false,
    "review_go": true,
    "review_record_current": true,
    "semantic_correctness": "not_certified",
    "snapshot_current": true,
    "structure": "valid",
    "survey_sha256": "15ef663d030dfb0bc919a61e0640ea312859a6a51ab758c0690c03256c84618c",
    "system_actions": [
      "plan",
      "adaptation",
      "completion"
    ],
    "unknown_sources": [],
    "user_acceptance": "not_recorded_by_this_tool"
  },
  "status": "unknown"
}
