{
  "ambiguous_result_keys": [],
  "findings": [],
  "limitations": [
    "Recorded statements are data, not proof of semantic correctness, user acceptance or permission. No project commands are executed."
  ],
  "measurements": [
    {
      "adaptation_ready": true,
      "blockers": [],
      "changed_sources": [],
      "completion_ready": true,
      "historically_completed": true,
      "other_dependencies": [],
      "permission": "not_assessed",
      "plan_ready": true,
      "review_go": true,
      "review_record_current": true,
      "semantic_correctness": "not_certified",
      "snapshot_current": true,
      "structure": "valid",
      "system_actions": [
        "plan",
        "adaptation",
        "completion"
      ],
      "unknown_sources": [],
      "user_acceptance": "not_recorded_by_this_tool"
    },
    {
      "survey_sha256": "cbb4df03c26e83152f7add8e8072a64e54fb63220e7e1abedd83dac4c153a6c2"
    }
  ],
  "operation": "survey-check",
  "result": {
    "adaptation_ready": true,
    "blockers": [],
    "changed_sources": [],
    "completion_ready": true,
    "historically_completed": true,
    "other_dependencies": [],
    "permission": "not_assessed",
    "plan_ready": true,
    "review_go": true,
    "review_record_current": true,
    "semantic_correctness": "not_certified",
    "snapshot_current": true,
    "structure": "valid",
    "survey_sha256": "cbb4df03c26e83152f7add8e8072a64e54fb63220e7e1abedd83dac4c153a6c2",
    "system_actions": [
      "plan",
      "adaptation",
      "completion"
    ],
    "unknown_sources": [],
    "user_acceptance": "not_recorded_by_this_tool"
  },
  "status": "passed"
}
