{
  "ambiguous_result_keys": [],
  "findings": [],
  "limitations": [
    "Recorded statements are data, not proof of semantic correctness, user acceptance or permission. No project commands are executed."
  ],
  "measurements": [
    {
      "survey_sha256": "cbb4df03c26e83152f7add8e8072a64e54fb63220e7e1abedd83dac4c153a6c2",
      "value": {
        "current": {
          "content": {
            "goal": "Продолжить существующий локальный нормализатор кодов поставки. Новых продуктовых требований нет.",
            "scope": [
              "."
            ],
            "areas": [
              "."
            ],
            "decisions": [
              {
                "id": "purpose",
                "description": "Продолжить существующий локальный нормализатор кодов поставки. Новых продуктовых требований нет.",
                "basis": [
                  "Synthetic fixture intent recorded before execution; actual inventory and file reads."
                ],
                "blocks": [],
                "sources": [],
                "state": "confirmed"
              },
              {
                "id": "scope",
                "description": "Весь проект, внепроекный файл не менять.",
                "basis": [
                  "Synthetic fixture intent recorded before execution; actual inventory and file reads."
                ],
                "blocks": [],
                "sources": [],
                "state": "confirmed"
              },
              {
                "id": "preservation",
                "description": "Сохранить все исходные файлы без изменения.",
                "basis": [
                  "Synthetic fixture intent recorded before execution; actual inventory and file reads."
                ],
                "blocks": [],
                "sources": [],
                "state": "confirmed"
              },
              {
                "id": "changes",
                "description": "Добавить документы процесса; для нового проекта начальный предметный черновик, без реализации.",
                "basis": [
                  "Synthetic fixture intent recorded before execution; actual inventory and file reads."
                ],
                "blocks": [],
                "sources": [],
                "state": "confirmed"
              },
              {
                "id": "local_rules",
                "description": "Сохранить GUIDE.md, AGENTS.md и code-review; без замены High Grade.",
                "basis": [
                  "Synthetic fixture intent recorded before execution; actual inventory and file reads."
                ],
                "blocks": [],
                "sources": [
                  ".agents/skills/code-review/SKILL.md",
                  "AGENTS.md",
                  "GUIDE.md"
                ],
                "state": "confirmed"
              },
              {
                "id": "environment",
                "description": "Изолированный Linux-каталог, офлайн-подготовка; кандидат CLI 0.3.6; не создавать Git или внешние ресурсы.",
                "basis": [
                  "Synthetic fixture intent recorded before execution; actual inventory and file reads."
                ],
                "blocks": [],
                "sources": [],
                "state": "confirmed"
              },
              {
                "id": "mandate",
                "description": "Добавить минимальную адаптацию High Grade; сохранить все существующие файлы и роли без перемещения, переписывания или миграции.",
                "basis": [
                  "Synthetic fixture intent recorded before execution; actual inventory and file reads."
                ],
                "blocks": [],
                "sources": [],
                "state": "confirmed"
              }
            ],
            "next": "",
            "sections": {
              "adaptation": [
                {
                  "id": "adaptation-written",
                  "description": "Предложение местной инструкции и реестр созданы; прочитаны по смыслу. Новые знания записаны предметно, а не оставлены полями шаблона. Автор не принимал новую инструкцию.",
                  "basis": [
                    "Observed files, source-guided execution raw reports and predeclared fixture intent."
                  ],
                  "blocks": [],
                  "sources": [
                    ".highgrade/project/INSTRUCTIONS.md",
                    ".highgrade/project/documents.json"
                  ],
                  "state": "confirmed"
                }
              ],
              "components": [
                {
                  "id": "component-current",
                  "description": "Исходные code.py, test_code.py, README, GUIDE, AGENTS и code-review сохранены; добавлены только документы адаптации и survey.",
                  "basis": [
                    "Observed files, source-guided execution raw reports and predeclared fixture intent."
                  ],
                  "blocks": [],
                  "sources": [
                    ".agents/skills/code-review/SKILL.md",
                    ".highgrade/project/INSTRUCTIONS.md",
                    ".highgrade/project/documents.json",
                    "AGENTS.md",
                    "GUIDE.md",
                    "README.md",
                    "code.py",
                    "test_code.py"
                  ],
                  "state": "confirmed"
                }
              ],
              "findings": [
                {
                  "id": "finding-budget",
                  "description": "Бюджеты контекста не согласованы; оставить null и считать BudgetNotAgreed неизвестностью, не PASS. Они не мешают разрешённой подготовке.",
                  "basis": [
                    "Synthetic fixture intent recorded before execution; actual inventory and file reads."
                  ],
                  "blocks": [],
                  "sources": [],
                  "state": "unknown"
                },
                {
                  "id": "finding-future",
                  "description": "Новых продуктовых требований нет; существующий GUIDE не мигрировать и фиктивную спеку не создавать.",
                  "basis": [
                    "Synthetic fixture intent recorded before execution; actual inventory and file reads."
                  ],
                  "blocks": [],
                  "sources": [],
                  "state": "confirmed"
                }
              ],
              "knowledge": [
                {
                  "id": "knowledge-current",
                  "description": "Существующие владельцы README/AGENTS/GUIDE и местный предметный навык сохранены без изменения.",
                  "basis": [
                    "Observed files, source-guided execution raw reports and predeclared fixture intent."
                  ],
                  "blocks": [],
                  "sources": [
                    "AGENTS.md",
                    "GUIDE.md",
                    "README.md"
                  ],
                  "state": "confirmed"
                }
              ],
              "observations": [
                {
                  "id": "observation-execution",
                  "description": "Фактические survey-* команды выполнились через CLI 0.3.6. Первые абсолютные input-пути были отвергнуты UnsafePath; supported root-relative inputs после чтения схемы сохранены успешно. Это source-guided исполнение, не автоматическое обнаружение установленного навыка.",
                  "basis": [
                    "Observed files, source-guided execution raw reports and predeclared fixture intent."
                  ],
                  "blocks": [],
                  "sources": [],
                  "state": "confirmed"
                },
                {
                  "id": "observation-inspect",
                  "description": "inspect exit 2, только BudgetNotAgreed: 4 находки.",
                  "basis": [
                    "Actual 25-inspect stdout."
                  ],
                  "blocks": [],
                  "sources": [],
                  "state": "confirmed"
                },
                {
                  "id": "observation-doctor",
                  "description": "doctor exit 0, findings=[]; область schema-only, не смысловая сертификация.",
                  "basis": [
                    "Actual 26-doctor stdout."
                  ],
                  "blocks": [],
                  "sources": [],
                  "state": "confirmed"
                },
                {
                  "id": "observation-specific",
                  "description": "python3 -B -m unittest -v test_code exit 0: test_inner_spaces и test_leading_zeroes оба ok, всего 2 теста.",
                  "basis": [
                    "Actual 17-domain-tests stderr and exit."
                  ],
                  "blocks": [],
                  "sources": [],
                  "state": "confirmed"
                }
              ],
              "processes": [
                {
                  "id": "process-observed",
                  "description": "GUIDE назначает python3 -B -m unittest -v test_code. Formatter/linter/CI/ignore отсутствуют по обследованию. Новые MD/JSON не охватываются отсутствующими gates; владельцы документов и CLI владеют своим форматом.",
                  "basis": [
                    "Synthetic fixture intent recorded before execution; actual inventory and file reads."
                  ],
                  "blocks": [],
                  "sources": [
                    "GUIDE.md"
                  ],
                  "state": "confirmed"
                }
              ],
              "routes": [
                {
                  "id": "route-next",
                  "description": "Первый следующий шаг: автор рассматривает предложение адаптации. Новых требований и спек нет; следующая продуктовая задача использует GUIDE и code-review без массового переноса.",
                  "basis": [
                    "Observed files, source-guided execution raw reports and predeclared fixture intent."
                  ],
                  "blocks": [],
                  "sources": [],
                  "state": "confirmed"
                }
              ],
              "skills": [
                {
                  "id": "skills-observed",
                  "description": "code-review отвечает за сверку ведущих нулей и внутренних пробелов перед изменением формата; общий маршрут High Grade не заменяет предметный обзор.",
                  "basis": [
                    "Synthetic fixture intent recorded before execution; actual inventory and file reads."
                  ],
                  "blocks": [],
                  "sources": [
                    ".agents/skills/code-review/SKILL.md"
                  ],
                  "state": "confirmed"
                }
              ]
            },
            "source_paths": [
              ".agents/skills/code-review/SKILL.md",
              ".highgrade/project/INSTRUCTIONS.md",
              ".highgrade/project/documents.json",
              "AGENTS.md",
              "GUIDE.md",
              "README.md",
              "code.py",
              "test_code.py"
            ],
            "stage": "completed"
          },
          "number": 1,
          "snapshot": {
            "areas": {
              ".": {
                "complete": true,
                "entries": {
                  ".agents": "directory",
                  ".agents/skills": "directory",
                  ".agents/skills/code-review": "directory",
                  ".agents/skills/code-review/SKILL.md": "file",
                  ".highgrade": "directory",
                  ".highgrade/project": "directory",
                  ".highgrade/project/INSTRUCTIONS.md": "file",
                  ".highgrade/project/documents.json": "file",
                  "AGENTS.md": "file",
                  "GUIDE.md": "file",
                  "README.md": "file",
                  "code.py": "file",
                  "test_code.py": "file"
                },
                "exclusions_sha256": null,
                "omitted": {
                  ".highgrade/local": "excluded",
                  ".highgrade/project/survey.json": "excluded"
                }
              }
            },
            "exclusions_sha256": null,
            "files": {
              ".agents/skills/code-review/SKILL.md": "f27dd0819f68cf8e2de17c0508e89dc442781ac3abd52b3e50fb79236d9d7a01",
              ".highgrade/project/INSTRUCTIONS.md": "464cfe9cad577c4fee23960455e2a5e3844d9e89ebd344a919781b5f09d1e146",
              ".highgrade/project/documents.json": "a7d2702a9a10048773afbd7c869dce800a8151d7f558f08ca77b846de40c3318",
              "AGENTS.md": "b883203d17df0cb37e558d7f125f39cbe7958900d8134b47f7dab73d6a8d4aba",
              "GUIDE.md": "6ba6127fa4b9463db658afec108f4a4461fdfc64e2418bc70110d9a3481995f4",
              "README.md": "05145aef4a89e93876de7cd63f21744051c173f7e49e3f99b927102c2f4e2cf5",
              "code.py": "95041960ee4af81b0fae957e518340fb50740f9edae01285f2fc04d365777b39",
              "test_code.py": "66e2bc3184356377ce8d7dd8cba1a21cf2f791b9708904e5c0652c80e5561f20"
            }
          },
          "review": {
            "conclusion": "Сверены созданные файлы и реальные отчёты. Подготовка по поручению выполнена; неизвестные бюджеты и будущие вопросы не названы PASS. Инструкция остаётся предложением, продукт не реализован/не принят. Это сверка исполнителя; независимое ревью доказательства выполняется отдельно.",
            "content_sha256": "3ba3564ade485810ed3db0fd37d4844be36a305c47c68627c4bc9e3652894da5",
            "reviewer": "source-guided-init-executor",
            "snapshot_sha256": "53279037253abba85e191db7812789e9d08b4703321d33446344608fd6132be6",
            "verdict": "go"
          }
        },
        "schema_version": 1,
        "history": []
      }
    }
  ],
  "operation": "survey-read",
  "result": {
    "survey_sha256": "cbb4df03c26e83152f7add8e8072a64e54fb63220e7e1abedd83dac4c153a6c2",
    "value": {
      "current": {
        "content": {
          "goal": "Продолжить существующий локальный нормализатор кодов поставки. Новых продуктовых требований нет.",
          "scope": [
            "."
          ],
          "areas": [
            "."
          ],
          "decisions": [
            {
              "id": "purpose",
              "description": "Продолжить существующий локальный нормализатор кодов поставки. Новых продуктовых требований нет.",
              "basis": [
                "Synthetic fixture intent recorded before execution; actual inventory and file reads."
              ],
              "blocks": [],
              "sources": [],
              "state": "confirmed"
            },
            {
              "id": "scope",
              "description": "Весь проект, внепроекный файл не менять.",
              "basis": [
                "Synthetic fixture intent recorded before execution; actual inventory and file reads."
              ],
              "blocks": [],
              "sources": [],
              "state": "confirmed"
            },
            {
              "id": "preservation",
              "description": "Сохранить все исходные файлы без изменения.",
              "basis": [
                "Synthetic fixture intent recorded before execution; actual inventory and file reads."
              ],
              "blocks": [],
              "sources": [],
              "state": "confirmed"
            },
            {
              "id": "changes",
              "description": "Добавить документы процесса; для нового проекта начальный предметный черновик, без реализации.",
              "basis": [
                "Synthetic fixture intent recorded before execution; actual inventory and file reads."
              ],
              "blocks": [],
              "sources": [],
              "state": "confirmed"
            },
            {
              "id": "local_rules",
              "description": "Сохранить GUIDE.md, AGENTS.md и code-review; без замены High Grade.",
              "basis": [
                "Synthetic fixture intent recorded before execution; actual inventory and file reads."
              ],
              "blocks": [],
              "sources": [
                ".agents/skills/code-review/SKILL.md",
                "AGENTS.md",
                "GUIDE.md"
              ],
              "state": "confirmed"
            },
            {
              "id": "environment",
              "description": "Изолированный Linux-каталог, офлайн-подготовка; кандидат CLI 0.3.6; не создавать Git или внешние ресурсы.",
              "basis": [
                "Synthetic fixture intent recorded before execution; actual inventory and file reads."
              ],
              "blocks": [],
              "sources": [],
              "state": "confirmed"
            },
            {
              "id": "mandate",
              "description": "Добавить минимальную адаптацию High Grade; сохранить все существующие файлы и роли без перемещения, переписывания или миграции.",
              "basis": [
                "Synthetic fixture intent recorded before execution; actual inventory and file reads."
              ],
              "blocks": [],
              "sources": [],
              "state": "confirmed"
            }
          ],
          "next": "",
          "sections": {
            "adaptation": [
              {
                "id": "adaptation-written",
                "description": "Предложение местной инструкции и реестр созданы; прочитаны по смыслу. Новые знания записаны предметно, а не оставлены полями шаблона. Автор не принимал новую инструкцию.",
                "basis": [
                  "Observed files, source-guided execution raw reports and predeclared fixture intent."
                ],
                "blocks": [],
                "sources": [
                  ".highgrade/project/INSTRUCTIONS.md",
                  ".highgrade/project/documents.json"
                ],
                "state": "confirmed"
              }
            ],
            "components": [
              {
                "id": "component-current",
                "description": "Исходные code.py, test_code.py, README, GUIDE, AGENTS и code-review сохранены; добавлены только документы адаптации и survey.",
                "basis": [
                  "Observed files, source-guided execution raw reports and predeclared fixture intent."
                ],
                "blocks": [],
                "sources": [
                  ".agents/skills/code-review/SKILL.md",
                  ".highgrade/project/INSTRUCTIONS.md",
                  ".highgrade/project/documents.json",
                  "AGENTS.md",
                  "GUIDE.md",
                  "README.md",
                  "code.py",
                  "test_code.py"
                ],
                "state": "confirmed"
              }
            ],
            "findings": [
              {
                "id": "finding-budget",
                "description": "Бюджеты контекста не согласованы; оставить null и считать BudgetNotAgreed неизвестностью, не PASS. Они не мешают разрешённой подготовке.",
                "basis": [
                  "Synthetic fixture intent recorded before execution; actual inventory and file reads."
                ],
                "blocks": [],
                "sources": [],
                "state": "unknown"
              },
              {
                "id": "finding-future",
                "description": "Новых продуктовых требований нет; существующий GUIDE не мигрировать и фиктивную спеку не создавать.",
                "basis": [
                  "Synthetic fixture intent recorded before execution; actual inventory and file reads."
                ],
                "blocks": [],
                "sources": [],
                "state": "confirmed"
              }
            ],
            "knowledge": [
              {
                "id": "knowledge-current",
                "description": "Существующие владельцы README/AGENTS/GUIDE и местный предметный навык сохранены без изменения.",
                "basis": [
                  "Observed files, source-guided execution raw reports and predeclared fixture intent."
                ],
                "blocks": [],
                "sources": [
                  "AGENTS.md",
                  "GUIDE.md",
                  "README.md"
                ],
                "state": "confirmed"
              }
            ],
            "observations": [
              {
                "id": "observation-execution",
                "description": "Фактические survey-* команды выполнились через CLI 0.3.6. Первые абсолютные input-пути были отвергнуты UnsafePath; supported root-relative inputs после чтения схемы сохранены успешно. Это source-guided исполнение, не автоматическое обнаружение установленного навыка.",
                "basis": [
                  "Observed files, source-guided execution raw reports and predeclared fixture intent."
                ],
                "blocks": [],
                "sources": [],
                "state": "confirmed"
              },
              {
                "id": "observation-inspect",
                "description": "inspect exit 2, только BudgetNotAgreed: 4 находки.",
                "basis": [
                  "Actual 25-inspect stdout."
                ],
                "blocks": [],
                "sources": [],
                "state": "confirmed"
              },
              {
                "id": "observation-doctor",
                "description": "doctor exit 0, findings=[]; область schema-only, не смысловая сертификация.",
                "basis": [
                  "Actual 26-doctor stdout."
                ],
                "blocks": [],
                "sources": [],
                "state": "confirmed"
              },
              {
                "id": "observation-specific",
                "description": "python3 -B -m unittest -v test_code exit 0: test_inner_spaces и test_leading_zeroes оба ok, всего 2 теста.",
                "basis": [
                  "Actual 17-domain-tests stderr and exit."
                ],
                "blocks": [],
                "sources": [],
                "state": "confirmed"
              }
            ],
            "processes": [
              {
                "id": "process-observed",
                "description": "GUIDE назначает python3 -B -m unittest -v test_code. Formatter/linter/CI/ignore отсутствуют по обследованию. Новые MD/JSON не охватываются отсутствующими gates; владельцы документов и CLI владеют своим форматом.",
                "basis": [
                  "Synthetic fixture intent recorded before execution; actual inventory and file reads."
                ],
                "blocks": [],
                "sources": [
                  "GUIDE.md"
                ],
                "state": "confirmed"
              }
            ],
            "routes": [
              {
                "id": "route-next",
                "description": "Первый следующий шаг: автор рассматривает предложение адаптации. Новых требований и спек нет; следующая продуктовая задача использует GUIDE и code-review без массового переноса.",
                "basis": [
                  "Observed files, source-guided execution raw reports and predeclared fixture intent."
                ],
                "blocks": [],
                "sources": [],
                "state": "confirmed"
              }
            ],
            "skills": [
              {
                "id": "skills-observed",
                "description": "code-review отвечает за сверку ведущих нулей и внутренних пробелов перед изменением формата; общий маршрут High Grade не заменяет предметный обзор.",
                "basis": [
                  "Synthetic fixture intent recorded before execution; actual inventory and file reads."
                ],
                "blocks": [],
                "sources": [
                  ".agents/skills/code-review/SKILL.md"
                ],
                "state": "confirmed"
              }
            ]
          },
          "source_paths": [
            ".agents/skills/code-review/SKILL.md",
            ".highgrade/project/INSTRUCTIONS.md",
            ".highgrade/project/documents.json",
            "AGENTS.md",
            "GUIDE.md",
            "README.md",
            "code.py",
            "test_code.py"
          ],
          "stage": "completed"
        },
        "number": 1,
        "snapshot": {
          "areas": {
            ".": {
              "complete": true,
              "entries": {
                ".agents": "directory",
                ".agents/skills": "directory",
                ".agents/skills/code-review": "directory",
                ".agents/skills/code-review/SKILL.md": "file",
                ".highgrade": "directory",
                ".highgrade/project": "directory",
                ".highgrade/project/INSTRUCTIONS.md": "file",
                ".highgrade/project/documents.json": "file",
                "AGENTS.md": "file",
                "GUIDE.md": "file",
                "README.md": "file",
                "code.py": "file",
                "test_code.py": "file"
              },
              "exclusions_sha256": null,
              "omitted": {
                ".highgrade/local": "excluded",
                ".highgrade/project/survey.json": "excluded"
              }
            }
          },
          "exclusions_sha256": null,
          "files": {
            ".agents/skills/code-review/SKILL.md": "f27dd0819f68cf8e2de17c0508e89dc442781ac3abd52b3e50fb79236d9d7a01",
            ".highgrade/project/INSTRUCTIONS.md": "464cfe9cad577c4fee23960455e2a5e3844d9e89ebd344a919781b5f09d1e146",
            ".highgrade/project/documents.json": "a7d2702a9a10048773afbd7c869dce800a8151d7f558f08ca77b846de40c3318",
            "AGENTS.md": "b883203d17df0cb37e558d7f125f39cbe7958900d8134b47f7dab73d6a8d4aba",
            "GUIDE.md": "6ba6127fa4b9463db658afec108f4a4461fdfc64e2418bc70110d9a3481995f4",
            "README.md": "05145aef4a89e93876de7cd63f21744051c173f7e49e3f99b927102c2f4e2cf5",
            "code.py": "95041960ee4af81b0fae957e518340fb50740f9edae01285f2fc04d365777b39",
            "test_code.py": "66e2bc3184356377ce8d7dd8cba1a21cf2f791b9708904e5c0652c80e5561f20"
          }
        },
        "review": {
          "conclusion": "Сверены созданные файлы и реальные отчёты. Подготовка по поручению выполнена; неизвестные бюджеты и будущие вопросы не названы PASS. Инструкция остаётся предложением, продукт не реализован/не принят. Это сверка исполнителя; независимое ревью доказательства выполняется отдельно.",
          "content_sha256": "3ba3564ade485810ed3db0fd37d4844be36a305c47c68627c4bc9e3652894da5",
          "reviewer": "source-guided-init-executor",
          "snapshot_sha256": "53279037253abba85e191db7812789e9d08b4703321d33446344608fd6132be6",
          "verdict": "go"
        }
      },
      "schema_version": 1,
      "history": []
    }
  },
  "status": "passed"
}
