
> highgrade-ui@0.1.0 build-storybook
> node scripts/bundle.mjs prepare && storybook build --disable-telemetry


┌  Building storybook v10.6.0
│
◇  Cleaning outputDir: storybook-static
│
◇  Loading presets
│
◇  Building manager..
(node:23) [DEP0205] DeprecationWarning: `module.register()` is deprecated. Use `module.registerHooks()` instead.
(Use `node --trace-deprecation ...` to show where the warning was created)
│
●  Building open services..
│
●  Building preview..
│  Vite vite v8.3.1 building client environment for production...
transforming...
│
●  Copying static files: public at storybook-static
✓ 2160 modules transformed.
rendering chunks...
computing gzip size...
│  Vite storybook-static/assets/mark-iVh24ir5.svg
│  10.18 kB │ gzip:   2.76 kB
│  storybook-static/assets/wordmark-DaoQrXCV.svg
│  12.90 kB │ gzip:   4.40 kB
│  storybook-static/iframe.html
│  18.86 kB │ gzip:   5.35 kB
│  storybook-static/assets/Manrope-DIRNzeTG.ttf
│  164.70 kB
│  storybook-static/assets/Lora-C1B0tkav.ttf
│  212.19 kB
│  storybook-static/assets/iframe-B9wkqp7Y.css
│  36.39 kB │ gzip:   8.19 kB
│  storybook-static/assets/iframe-C2U_RwiS.js
│  0.04 kB │ gzip:   0.06 kB
│  storybook-static/assets/mark-BAKic_zQ.js
│  0.16 kB │ gzip:   0.16 kB
│  storybook-static/assets/components-BVLEnGm7.js
│  0.21 kB │ gzip:   0.18 kB
│  storybook-static/assets/chunk-242VQQM5-bHL6qIJq.js
│  0.24 kB │ gzip:   0.20 kB
│  storybook-static/assets/formatter-L2YTDE3Q-RkjpF8cC.js
│  0.30 kB │ gzip:   0.24 kB
│  storybook-static/assets/chunk-QQBDHPVZ-DC5n6Pix.js
│  0.32 kB │ gzip:   0.20 kB
│  storybook-static/assets/jsx-runtime-DeHZSEgm.js
│  0.43 kB │ gzip:   0.30 kB
│  storybook-static/assets/react-B--UGCE4.js
│  0.58 kB │ gzip:   0.35 kB
│  storybook-static/assets/textarea-DJryvWAq.js
│  0.88 kB │ gzip:   0.53 kB
│  storybook-static/assets/rolldown-runtime-DkW27tQK.js
│  1.19 kB │ gzip:   0.67 kB
│  storybook-static/assets/preload-helper-VEOc_cSF.js
│  1.33 kB │ gzip:   0.75 kB
│  storybook-static/assets/chunk-IMSF75WX-CGYlPTyG.js
│  1.67 kB │ gzip:   0.91 kB
│  storybook-static/assets/Button.stories-BooHK-9b.js
│  1.69 kB │ gzip:   0.81 kB
│  storybook-static/assets/NativeDocument.stories-DfygKm7y.js
│  2.18 kB │ gzip:   1.23 kB
│  storybook-static/assets/wordmark-CUqfTK8g.js
│  2.55 kB │ gzip:   1.32 kB
│  storybook-static/assets/SpecWorkspace.stories-BGuXEalc.js
│  2.69 kB │ gzip:   0.90 kB
│  storybook-static/assets/States.stories-CSxMAfSj.js
│  2.97 kB │ gzip:   0.97 kB
│  storybook-static/assets/Welcome.stories-CpPw6m95.js
│  3.13 kB │ gzip:   1.46 kB
│  storybook-static/assets/StatusBadge.stories-CSZk-HXl.js
│  3.21 kB │ gzip:   0.93 kB
│  storybook-static/assets/chunk-DRQKCCAG-DtXejAOb.js
│  3.38 kB │ gzip:   1.41 kB
│  storybook-static/assets/react-dom-6SHSHMmV.js
│  3.90 kB │ gzip:   1.42 kB
│  storybook-static/assets/chunk-7PIQR4A3-BGgO7bU4.js
│  5.14 kB │ gzip:   1.93 kB
│  storybook-static/assets/StatusBadge-BALALv1c.js
│  6.14 kB │ gzip:   2.80 kB
│  storybook-static/assets/Foundations.stories-BQTq7aKq.js
│  8.13 kB │ gzip:   3.00 kB
│  storybook-static/assets/SpecEditor.stories-mmcdUTuh.js
│  10.80 kB │ gzip:   4.40 kB
│  storybook-static/assets/chunk-W22LQPXL-BVscVbNz.js
│  22.75 kB │ gzip:   7.60 kB
│  storybook-static/vite-inject-mocker-entry.js
│  27.84 kB │ gzip:   9.66 kB
│  storybook-static/assets/matchers-JIUQ3HVY-C789_MAK.js
│  28.79 kB │ gzip:   9.68 kB
│  storybook-static/assets/Color-6AOWCN3U-hqooOA1o.js
│  30.39 kB │ gzip:  11.49 kB
│  storybook-static/assets/WithTooltip-CDUNV5IS-CrJdSjzN.js
│  32.75 kB │ gzip:  11.49 kB
│  storybook-static/assets/button-CJE60cC3.js
│  33.88 kB │ gzip:  11.28 kB
│  storybook-static/assets/fixtures-DUQjsLJW.js
│  35.06 kB │ gzip:  11.97 kB
│  storybook-static/assets/SpecWorkspace-DQcsDSUQ.js
│  53.87 kB │ gzip:  18.19 kB
│  storybook-static/assets/theming-BcUWSRbv.js
│  55.40 kB │ gzip:  21.34 kB
│  storybook-static/assets/syntaxhighlighter-4REYKNEV-CR1Jvp7T.js
│  75.89 kB │ gzip:  27.26 kB
│  storybook-static/assets/react-18-Cx0KUwBY.js
│  207.66 kB │ gzip:  65.17 kB
│  storybook-static/assets/axe-pQGJbW0T.js
│  586.90 kB │ gzip: 160.19 kB
│  storybook-static/assets/DocsRenderer-JROSPFPF-DN8cLSX8.js
│  753.42 kB │ gzip: 239.17 kB
│  storybook-static/assets/iframe-BcO_DKGQ.js
│  1,136.49 kB │ gzip: 324.10 kB

│
▲  Vite [plugin builtin:vite-reporter]
│  (!) Some chunks are larger than 500 kB after minification. Consider:
│  - Using dynamic import() to code-split the application
│  - Use build.rolldownOptions.output.codeSplitting to improve chunking:
│  ]8;;https://rolldown.rs/reference/OutputOptions.codeSplittinghttps://rolldown.rs/reference/OutputOptions.codeSplitting]8;;
│  - Adjust chunk size limit for this warning via
│  build.chunkSizeWarningLimit.
│  Vite ✓ built in 3.97s
│
▲  Vite [33m[PLUGIN_TIMINGS] [0mJavaScript callbacks ran for 3.4s of this 4.0s
│  build (87%).
│  The slowest callbacks, timed inside each callback (the wait before a
│  callback starts is excluded, the time it awaits is included):
│  - plugin storybook:react-docgen-plugin transform (68%, 2.7s, 2160
│  calls)
│  Additional callback time came from the callbacks below and from
│  callbacks under 1s.
│  2 callbacks are listed without a time. Their calls overlapped, so the
│  time inside one call includes work from other calls. To find their
│  cost, profile the build with `node --cpu-prof`:
│  - plugin plugin-csf transform (2160 calls)
│  - plugin vite:asset load (6 calls)
│  See ]8;;https://rolldown.rs/reference/InputOptions.checks#bundlertimingshttps://rolldown.rs/reference/InputOptions.checks#bundlertimings]8;;
│  for more details.

│
◇  Output directory: /home/lainterus/Projects/High
│  Grade/ui/storybook-static
│
└  Storybook build completed successfully

