{
  "scope": "repository-structure",
  "status": "PASSED",
  "observations": [
    {
      "path": "README.md",
      "bytes": 6460,
      "lines": 46,
      "budget": "not-assessed"
    },
    {
      "path": "AGENTS.md",
      "bytes": 5998,
      "lines": 26,
      "budget": "not-assessed"
    },
    {
      "path": "docs/ARCHITECTURE.md",
      "bytes": 6979,
      "lines": 38,
      "budget": "not-assessed"
    },
    {
      "path": "docs/ENGINEERING.md",
      "bytes": 4109,
      "lines": 22,
      "budget": "not-assessed"
    },
    {
      "path": "docs/DEVELOPMENT.md",
      "bytes": 7939,
      "lines": 91,
      "budget": "not-assessed"
    }
  ],
  "import_files_verified": 54,
  "errors": [],
  "limitations": [
    "No functional plugin tests executed",
    "No semantic documentation review",
    "Document budgets are not assessed here; run highgrade inspect"
  ]
}
