test_developer_release_does_not_replace_candidate_artifact (test_build_release.ReleaseBuildTests.test_developer_release_does_not_replace_candidate_artifact) ... ok
test_double_rename_failure_keeps_recovery_candidate (test_build_release.ReleaseBuildTests.test_double_rename_failure_keeps_recovery_candidate) ... ok
test_exact_revision_repeat_and_failed_build_preserve_candidate (test_build_release.ReleaseBuildTests.test_exact_revision_repeat_and_failed_build_preserve_candidate) ... ok
test_foreign_candidate_data_is_preserved (test_build_release.ReleaseBuildTests.test_foreign_candidate_data_is_preserved) ... ok
test_linked_target_is_refused (test_build_release.ReleaseBuildTests.test_linked_target_is_refused) ... ok
test_nested_cache_junction_is_refused_before_cargo_writes (test_build_release.ReleaseBuildTests.test_nested_cache_junction_is_refused_before_cargo_writes) ... ok
test_target_override_uses_artifact_from_current_build (test_build_release.ReleaseBuildTests.test_target_override_uses_artifact_from_current_build) ... ok
test_active_build_and_recovery_state_refuse_without_changes (test_target_maintenance.TargetMaintenanceTests.test_active_build_and_recovery_state_refuse_without_changes) ... ok
test_cache_cleanup_requires_explicit_selection (test_target_maintenance.TargetMaintenanceTests.test_cache_cleanup_requires_explicit_selection) ... ok
test_cache_file_refuses_before_removing_selected_scratch (test_target_maintenance.TargetMaintenanceTests.test_cache_file_refuses_before_removing_selected_scratch) ... ok
test_invalid_mixed_selection_refuses_before_deleting_scratch (test_target_maintenance.TargetMaintenanceTests.test_invalid_mixed_selection_refuses_before_deleting_scratch) ... ok
test_link_outside_root_refuses_and_preserves_sentinel (test_target_maintenance.TargetMaintenanceTests.test_link_outside_root_refuses_and_preserves_sentinel) ... ok
test_preview_is_read_only_and_apply_preserves_candidate_and_unknown (test_target_maintenance.TargetMaintenanceTests.test_preview_is_read_only_and_apply_preserves_candidate_and_unknown) ... ok
test_scratch_path_escape_is_refused (test_target_maintenance.TargetMaintenanceTests.test_scratch_path_escape_is_refused) ... ok
test_selected_preview_and_real_build_cache_cleanup (test_target_maintenance.TargetMaintenanceTests.test_selected_preview_and_real_build_cache_cleanup) ... warn: could not canonicalize path C:\Users\user
     Removed 12 files, 9.0KiB total
ok

----------------------------------------------------------------------
Ran 15 tests in 10.705s

OK
